// Jest Snapshot v1, https://goo.gl/fbAQLP

exports[`useFetchUsersQuery matches useFetchUsersQuery hook snapshot 1`] = `
{
  "data": [
    {
      "email": "john.doe@example.com",
      "id": 1,
      "name": "John Doe",
    },
    {
      "email": "jane.smith@example.com",
      "id": 2,
      "name": "Jane Smith",
    },
  ],
  "error": null,
  "isLoading": false,
  "refetch": [Function],
}
`;
