// Jest Snapshot v1, https://goo.gl/fbAQLP

exports[`FilterBar/Actions/ActionsMenu matches ActionsMenu component snapshot 1`] = `
{
  "asFragment": [Function],
  "baseElement": <body
    style="padding-right: 1024px; overflow: hidden;"
  >
    <div
      aria-hidden="true"
    />
    <div
      class="MuiPopover-root MuiMenu-root MuiModal-root css-6eyezz-MuiModal-root-MuiPopover-root-MuiMenu-root"
      id="menu-appbar"
      role="presentation"
    >
      <div
        aria-hidden="true"
        class="MuiBackdrop-root MuiBackdrop-invisible MuiModal-backdrop css-vl6bb4-MuiBackdrop-root-MuiModal-backdrop"
        style="opacity: 1; webkit-transition: opacity 225ms cubic-bezier(0.4, 0, 0.2, 1) 0ms; transition: opacity 225ms cubic-bezier(0.4, 0, 0.2, 1) 0ms;"
      />
      <div
        data-testid="sentinelStart"
        tabindex="0"
      />
      <div
        class="MuiPaper-root MuiPaper-elevation MuiPaper-rounded MuiPaper-elevation8 MuiPopover-paper MuiMenu-paper css-t3bg0k-MuiPaper-root-MuiPopover-paper-MuiMenu-paper"
        style="--Paper-shadow: 0px 5px 5px -3px rgba(0,0,0,0.2),0px 8px 10px 1px rgba(0,0,0,0.14),0px 3px 14px 2px rgba(0,0,0,0.12); opacity: 1; transform: scale(1, 1); transition: opacity 0ms cubic-bezier(0.4, 0, 0.2, 1) 0ms,transform 0ms cubic-bezier(0.4, 0, 0.2, 1) 0ms; top: 16px; left: 16px; transform-origin: -16px -16px;"
        tabindex="-1"
      >
        <ul
          class="MuiList-root MuiList-padding MuiMenu-list css-1toxriw-MuiList-root-MuiMenu-list"
          role="menu"
          tabindex="0"
        >
          <li
            aria-disabled="true"
            class="MuiButtonBase-root MuiMenuItem-root Mui-disabled MuiMenuItem-gutters Mui-disabled MuiMenuItem-root Mui-disabled MuiMenuItem-gutters css-nl63xq-MuiButtonBase-root-MuiMenuItem-root"
            data-testid="saveMenuItem"
            role="menuitem"
            tabindex="-1"
          >
            <p
              class="MuiTypography-root MuiTypography-body1 css-1xrrpwr-MuiTypography-root"
            >
              Save
            </p>
          </li>
          <li
            aria-disabled="true"
            class="MuiButtonBase-root MuiMenuItem-root Mui-disabled MuiMenuItem-gutters Mui-disabled MuiMenuItem-root Mui-disabled MuiMenuItem-gutters css-nl63xq-MuiButtonBase-root-MuiMenuItem-root"
            data-testid="exportMenuItem"
            role="menuitem"
            tabindex="-1"
          >
            <p
              class="MuiTypography-root MuiTypography-body1 css-1xrrpwr-MuiTypography-root"
            >
              Export
            </p>
          </li>
          <li
            aria-disabled="true"
            class="MuiButtonBase-root MuiMenuItem-root Mui-disabled MuiMenuItem-gutters Mui-disabled MuiMenuItem-root Mui-disabled MuiMenuItem-gutters css-nl63xq-MuiButtonBase-root-MuiMenuItem-root"
            data-testid="resetMenuItem"
            role="menuitem"
            tabindex="-1"
          >
            <p
              class="MuiTypography-root MuiTypography-body1 css-1xrrpwr-MuiTypography-root"
            >
              Reset
            </p>
          </li>
        </ul>
      </div>
      <div
        data-testid="sentinelEnd"
        tabindex="0"
      />
    </div>
  </body>,
  "container": <div
    aria-hidden="true"
  />,
  "debug": [Function],
  "findAllByAltText": [Function],
  "findAllByDisplayValue": [Function],
  "findAllByLabelText": [Function],
  "findAllByPlaceholderText": [Function],
  "findAllByRole": [Function],
  "findAllByTestId": [Function],
  "findAllByText": [Function],
  "findAllByTitle": [Function],
  "findByAltText": [Function],
  "findByDisplayValue": [Function],
  "findByLabelText": [Function],
  "findByPlaceholderText": [Function],
  "findByRole": [Function],
  "findByTestId": [Function],
  "findByText": [Function],
  "findByTitle": [Function],
  "getAllByAltText": [Function],
  "getAllByDisplayValue": [Function],
  "getAllByLabelText": [Function],
  "getAllByPlaceholderText": [Function],
  "getAllByRole": [Function],
  "getAllByTestId": [Function],
  "getAllByText": [Function],
  "getAllByTitle": [Function],
  "getByAltText": [Function],
  "getByDisplayValue": [Function],
  "getByLabelText": [Function],
  "getByPlaceholderText": [Function],
  "getByRole": [Function],
  "getByTestId": [Function],
  "getByText": [Function],
  "getByTitle": [Function],
  "queryAllByAltText": [Function],
  "queryAllByDisplayValue": [Function],
  "queryAllByLabelText": [Function],
  "queryAllByPlaceholderText": [Function],
  "queryAllByRole": [Function],
  "queryAllByTestId": [Function],
  "queryAllByText": [Function],
  "queryAllByTitle": [Function],
  "queryByAltText": [Function],
  "queryByDisplayValue": [Function],
  "queryByLabelText": [Function],
  "queryByPlaceholderText": [Function],
  "queryByRole": [Function],
  "queryByTestId": [Function],
  "queryByText": [Function],
  "queryByTitle": [Function],
  "rerender": [Function],
  "unmount": [Function],
}
`;
